[2026-06-05 19:29:50,309: INFO:main:Welcome to our Custom log]
[2026-06-06 06:25:32,806: INFO:main:Welcome to our Custom log]
[2026-06-06 06:46:02,039: INFO:main:Welcome to our Custom log]
[2026-06-07 15:52:50,592: INFO:common:yaml file: config\config.yaml loaded successfully]
[2026-06-07 15:52:50,594: INFO:common:yaml file: params.yaml loaded successfully]
[2026-06-07 15:52:50,597: INFO:common:yaml file: dev.yaml loaded successfully]
[2026-06-07 15:53:35,802: INFO:common:yaml file: config\config.yaml loaded successfully]
[2026-06-07 15:53:35,804: INFO:common:yaml file: params.yaml loaded successfully]
[2026-06-07 15:55:24,908: INFO:common:yaml file: config\config.yaml loaded successfully]
[2026-06-07 15:55:24,910: INFO:common:yaml file: params.yaml loaded successfully]
[2026-06-07 15:55:25,427: INFO:common:created directory at: artifacts]
[2026-06-07 15:55:56,729: INFO:common:yaml file: config\config.yaml loaded successfully]
[2026-06-07 15:55:56,730: INFO:common:yaml file: params.yaml loaded successfully]
[2026-06-07 15:55:56,731: INFO:common:created directory at: artifacts]
[2026-06-07 15:55:56,731: INFO:common:created directory at: artifacts/data_ingestion]
[2026-06-07 16:21:22,818: INFO:common:yaml file: config\config.yaml loaded successfully]
[2026-06-07 16:21:22,821: INFO:common:yaml file: params.yaml loaded successfully]
[2026-06-07 16:21:22,823: INFO:common:created directory at: artifacts]
[2026-06-07 16:21:22,825: INFO:common:created directory at: artifacts/data_ingestion]
[2026-06-07 16:21:22,827: INFO:146514481:Downloading data from research/Chest-CT-Scan_data.zip into file artifacts/data_ingestion/data.zip]
[2026-06-07 16:21:23,444: INFO:146514481:Downloaded data from research/Chest-CT-Scan_data.zip into file artifacts/data_ingestion/data.zip]
[2026-06-10 14:28:23,404: INFO:common:yaml file: config\config.yaml loaded successfully]
[2026-06-10 14:28:23,440: INFO:common:yaml file: params.yaml loaded successfully]
[2026-06-10 14:28:23,445: INFO:common:created directory at: artifacts]
[2026-06-10 14:28:23,447: INFO:common:created directory at: artifacts/data_ingestion]
[2026-06-10 14:28:23,450: INFO:146514481:Downloading data from research/Chest-CT-Scan_data.zip into file artifacts/data_ingestion/data.zip]
[2026-06-10 14:28:24,433: INFO:146514481:Downloaded data from research/Chest-CT-Scan_data.zip into file artifacts/data_ingestion/data.zip]
[2026-06-10 14:30:20,863: INFO:common:yaml file: config\config.yaml loaded successfully]
[2026-06-10 14:30:20,868: INFO:common:yaml file: params.yaml loaded successfully]
[2026-06-10 14:30:20,871: INFO:common:created directory at: artifacts]
[2026-06-10 14:30:20,875: INFO:common:created directory at: artifacts/data_ingestion]
[2026-06-10 14:30:20,878: INFO:986331348:Downloading data from research/Chest-CT-Scan_data.zip into file artifacts/data_ingestion/data.zip]
[2026-06-10 14:39:57,667: INFO:common:yaml file: config\config.yaml loaded successfully]
[2026-06-10 14:39:57,683: INFO:common:yaml file: params.yaml loaded successfully]
[2026-06-10 14:39:57,693: INFO:common:created directory at: artifacts]
[2026-06-10 14:39:57,697: INFO:common:created directory at: artifacts/data_ingestion]
[2026-06-10 14:39:57,699: INFO:986331348:Downloading data from https://drive.google.com/file/d/1vlhZ5c7abUKF8xXERIw6m9Te8fW7ohw3/view?usp=sharing into file artifacts/data_ingestion/data.zip]
[2026-06-10 14:41:10,335: INFO:986331348:Downloaded data from https://drive.google.com/file/d/1vlhZ5c7abUKF8xXERIw6m9Te8fW7ohw3/view?usp=sharing into file artifacts/data_ingestion/data.zip]
[2026-06-10 16:43:51,319: INFO:main:>>>>>> stage Data Ingestion stage started <<<<<<]
[2026-06-10 16:43:51,323: INFO:common:yaml file: config\config.yaml loaded successfully]
[2026-06-10 16:43:51,326: INFO:common:yaml file: params.yaml loaded successfully]
[2026-06-10 16:43:51,328: INFO:common:created directory at: artifacts]
[2026-06-10 16:43:51,329: INFO:common:created directory at: artifacts/data_ingestion]
[2026-06-10 16:43:51,329: INFO:data_ingestion:Downloading data from https://drive.google.com/file/d/1vlhZ5c7abUKF8xXERIw6m9Te8fW7ohw3/view?usp=sharing into file artifacts/data_ingestion/data.zip]
[2026-06-10 16:45:38,987: INFO:data_ingestion:Downloaded data from https://drive.google.com/file/d/1vlhZ5c7abUKF8xXERIw6m9Te8fW7ohw3/view?usp=sharing into file artifacts/data_ingestion/data.zip]
[2026-06-10 16:45:39,615: INFO:main:>>>>>> stage Data Ingestion stage completed <<<<<<

x==========x]
[2026-06-12 14:14:23,220: INFO:common:yaml file: config\config.yaml loaded successfully]
[2026-06-12 14:14:23,242: INFO:common:yaml file: params.yaml loaded successfully]
[2026-06-12 14:14:23,246: INFO:common:created directory at: artifacts]
[2026-06-12 14:14:23,248: INFO:common:created directory at: artifacts/prepare_base_model]
[2026-06-12 14:31:19,200: INFO:common:yaml file: config\config.yaml loaded successfully]
[2026-06-12 14:31:19,236: INFO:common:yaml file: params.yaml loaded successfully]
[2026-06-12 14:31:19,248: INFO:common:created directory at: artifacts]
[2026-06-12 14:31:19,252: INFO:common:created directory at: artifacts/prepare_base_model]
[2026-06-12 14:31:30,854: WARNING:saving_api:You are saving your model as an HDF5 file via `model.save()` or `keras.saving.save_model(model)`. This file format is considered legacy. We recommend using instead the native Keras format, e.g. `model.save('my_model.keras')` or `keras.saving.save_model(model, 'my_model.keras')`. ]
[2026-06-12 14:31:31,949: WARNING:saving_api:You are saving your model as an HDF5 file via `model.save()` or `keras.saving.save_model(model)`. This file format is considered legacy. We recommend using instead the native Keras format, e.g. `model.save('my_model.keras')` or `keras.saving.save_model(model, 'my_model.keras')`. ]
[2026-06-12 14:45:24,711: INFO:main:>>>>>> stage Data Ingestion stage started <<<<<<]
[2026-06-12 14:45:24,851: INFO:common:yaml file: config\config.yaml loaded successfully]
[2026-06-12 14:45:24,856: INFO:common:yaml file: params.yaml loaded successfully]
[2026-06-12 14:45:24,859: INFO:common:created directory at: artifacts]
[2026-06-12 14:45:24,859: INFO:common:created directory at: artifacts/data_ingestion]
[2026-06-12 14:45:24,860: INFO:data_ingestion:Downloading data from https://drive.google.com/file/d/1vlhZ5c7abUKF8xXERIw6m9Te8fW7ohw3/view?usp=sharing into file artifacts/data_ingestion/data.zip]
[2026-06-12 14:45:40,368: INFO:data_ingestion:Downloaded data from https://drive.google.com/file/d/1vlhZ5c7abUKF8xXERIw6m9Te8fW7ohw3/view?usp=sharing into file artifacts/data_ingestion/data.zip]
[2026-06-12 14:45:41,133: INFO:main:>>>>>> stage Data Ingestion stage completed <<<<<<

x==========x]
[2026-06-12 14:45:41,133: INFO:main:>>>>>> stage Prepare base model started <<<<<<]
[2026-06-12 14:45:41,136: INFO:common:yaml file: config\config.yaml loaded successfully]
[2026-06-12 14:45:41,138: INFO:common:yaml file: params.yaml loaded successfully]
[2026-06-12 14:45:41,139: INFO:common:created directory at: artifacts]
[2026-06-12 14:45:41,139: INFO:common:created directory at: artifacts/prepare_base_model]
[2026-06-12 14:45:41,838: WARNING:saving_api:You are saving your model as an HDF5 file via `model.save()` or `keras.saving.save_model(model)`. This file format is considered legacy. We recommend using instead the native Keras format, e.g. `model.save('my_model.keras')` or `keras.saving.save_model(model, 'my_model.keras')`. ]
[2026-06-12 14:45:42,107: WARNING:saving_api:You are saving your model as an HDF5 file via `model.save()` or `keras.saving.save_model(model)`. This file format is considered legacy. We recommend using instead the native Keras format, e.g. `model.save('my_model.keras')` or `keras.saving.save_model(model, 'my_model.keras')`. ]
[2026-06-12 14:45:42,260: INFO:main:>>>>>> stage Prepare base model completed <<<<<<

x==========x]
